// Jest Snapshot v1, https://goo.gl/fbAQLP

exports[`Welcome Component test render 1`] = `
<div
  class="ufs-welcome-wrapper"
>
  <div
    class="ufs-welcome-tag"
  >
    Hello
  </div>
  <div
    class="ufs-welcome-link"
  >
    ENTER
  </div>
</div>
`;
