// Jest Snapshot v1, https://goo.gl/fbAQLP

exports[`Hello Component test render 1`] = `
<div
  class="ufs-hello-wrapper"
>
  <div
    class="ufs-hello-title"
  >
    Hello, umi-seed-father
  </div>
  <div
    class="ufs-hello-content"
  >
    这是 umi-father-seed 示例工程的 Hello 组件
  </div>
</div>
`;
